python : --- Logging 
error ---
No linha:1 caractere:1
+ python d:\DubaiMatrix
ASI\tests\verify_top_fa
ding.py > 
d:\DubaiMatrixA ...
+ ~~~~~~~~~~~~~~~~~~~~~
~~~~~~~~~~~~~~~~~~~~~~~
~~~~~~~~~~~~~~~~~~~~~~~
~~
    + CategoryInfo     
         : NotSpecifi  
  ed: (--- Logging e   
 rror ---:String) [    
], RemoteException
    + FullyQualifiedEr 
   rorId : NativeComm  
  andError
 
Traceback (most recent 
call last):
  File "C:\Users\pichau
\AppData\Local\Programs
\Python\Python313\Lib\l
ogging\__init__.py", 
line 1154, in emit
    stream.write(msg + 
self.terminator)
    ~~~~~~~~~~~~^^^^^^^
^^^^^^^^^^^^^^^^
  File "C:\Users\pichau
\AppData\Local\Programs
\Python\Python313\Lib\e
ncodings\cp1252.py", 
line 19, in encode
    return codecs.charm
ap_encode(input,self.er
rors,encoding_table)[0]
           ~~~~~~~~~~~~
~~~~~~~~~^^^^^^^^^^^^^^
^^^^^^^^^^^^^^^^^^^^
UnicodeEncodeError: 
'charmap' codec can't 
encode character 
'\u2502' in position 
65: character maps to 
<undefined>
Call stack:
  File "d:\DubaiMatrixA
SI\tests\verify_top_fad
ing.py", line 12, in 
<module>
    from core.decision.
trinity_core import 
TrinityCore, Action
  File "<frozen importl
ib._bootstrap>", line 
1360, in _find_and_load
  File "<frozen importl
ib._bootstrap>", line 
1331, in 
_find_and_load_unlocked
  File "<frozen importl
ib._bootstrap>", line 
935, in _load_unlocked
  File "<frozen importl
ib._bootstrap_external>
", line 1023, in 
exec_module
  File "<frozen importl
ib._bootstrap>", line 
488, in _call_with_fram
es_removed
  File "D:\DubaiMatrixA
SI\core\decision\trinit
y_core.py", line 17, 
in <module>
    from core.conscious
ness.quantum_thought 
import QuantumState
  File "<frozen importl
ib._bootstrap>", line 
1360, in _find_and_load
  File "<frozen importl
ib._bootstrap>", line 
1331, in 
_find_and_load_unlocked
  File "<frozen importl
ib._bootstrap>", line 
935, in _load_unlocked
  File "<frozen importl
ib._bootstrap_external>
", line 1023, in 
exec_module
  File "<frozen importl
ib._bootstrap>", line 
488, in _call_with_fram
es_removed
  File "D:\DubaiMatrixA
SI\core\consciousness\q
uantum_thought.py", 
line 16, in <module>
    from core.conscious
ness.neural_swarm 
import AgentSignal
  File "<frozen importl
ib._bootstrap>", line 
1360, in _find_and_load
  File "<frozen importl
ib._bootstrap>", line 
1331, in 
_find_and_load_unlocked
  File "<frozen importl
ib._bootstrap>", line 
935, in _load_unlocked
  File "<frozen importl
ib._bootstrap_external>
", line 1023, in 
exec_module
  File "<frozen importl
ib._bootstrap>", line 
488, in _call_with_fram
es_removed
  File "D:\DubaiMatrixA
SI\core\consciousness\n
eural_swarm.py", line 
23, in <module>
    from core.conscious
ness.agents.base 
import AgentSignal, 
BaseAgent
  File "<frozen importl
ib._bootstrap>", line 
1360, in _find_and_load
  File "<frozen importl
ib._bootstrap>", line 
1310, in 
_find_and_load_unlocked
  File "<frozen importl
ib._bootstrap>", line 
488, in _call_with_fram
es_removed
  File "<frozen importl
ib._bootstrap>", line 
1360, in _find_and_load
  File "<frozen importl
ib._bootstrap>", line 
1331, in 
_find_and_load_unlocked
  File "<frozen importl
ib._bootstrap>", line 
935, in _load_unlocked
  File "<frozen importl
ib._bootstrap_external>
", line 1023, in 
exec_module
  File "<frozen importl
ib._bootstrap>", line 
488, in _call_with_fram
es_removed
  File "D:\DubaiMatrixA
SI\core\consciousness\a
gents\__init__.py", 
line 30, in <module>
    from core.conscious
ness.agents.physics 
import (
  File "<frozen importl
ib._bootstrap>", line 
1360, in _find_and_load
  File "<frozen importl
ib._bootstrap>", line 
1331, in 
_find_and_load_unlocked
  File "<frozen importl
ib._bootstrap>", line 
935, in _load_unlocked
  File "<frozen importl
ib._bootstrap_external>
", line 1023, in 
exec_module
  File "<frozen importl
ib._bootstrap>", line 
488, in _call_with_fram
es_removed
  File "D:\DubaiMatrixA
SI\core\consciousness\a
gents\physics.py", 
line 14, in <module>
    from 
cpp.asi_bridge import 
CPP_CORE
  File "<frozen importl
ib._bootstrap>", line 
1360, in _find_and_load
  File "<frozen importl
ib._bootstrap>", line 
1331, in 
_find_and_load_unlocked
  File "<frozen importl
ib._bootstrap>", line 
935, in _load_unlocked
  File "<frozen importl
ib._bootstrap_external>
", line 1023, in 
exec_module
  File "<frozen importl
ib._bootstrap>", line 
488, in _call_with_fram
es_removed
  File "D:\DubaiMatrixA
SI\cpp\asi_bridge.py", 
line 1258, in <module>
    CPP_CORE = 
CppASICore()
  File "D:\DubaiMatrixA
SI\cpp\asi_bridge.py", 
line 279, in __init__
    
self._load_library()
  File "D:\DubaiMatrixA
SI\cpp\asi_bridge.py", 
line 324, in 
_load_library
    log.omega(f"\u26a1 
C++ ASI Core 
carregado: {abs_path}")
  File "D:\DubaiMatrixA
SI\utils\logger.py", 
line 170, in omega
    self.logger.log(OME
GA_LEVEL, f"\u26a1 
{msg}", *args, 
**kwargs)
Message: '\u26a1 
\u26a1 C++ ASI Core 
carregado: D:\\DubaiMat
rixASI\\asi_core_v3.dll
'
Arguments: ()
--- Logging error ---
Traceback (most recent 
call last):
  File "C:\Users\pichau
\AppData\Local\Programs
\Python\Python313\Lib\l
ogging\__init__.py", 
line 1154, in emit
    stream.write(msg + 
self.terminator)
    ~~~~~~~~~~~~^^^^^^^
^^^^^^^^^^^^^^^^
  File "C:\Users\pichau
\AppData\Local\Programs
\Python\Python313\Lib\e
ncodings\cp1252.py", 
line 19, in encode
    return codecs.charm
ap_encode(input,self.er
rors,encoding_table)[0]
           ~~~~~~~~~~~~
~~~~~~~~~^^^^^^^^^^^^^^
^^^^^^^^^^^^^^^^^^^^
UnicodeEncodeError: 
'charmap' codec can't 
encode character 
'\u2502' in position 
65: character maps to 
<undefined>
Call stack:
  File "d:\DubaiMatrixA
SI\tests\verify_top_fad
ing.py", line 12, in 
<module>
    from core.decision.
trinity_core import 
TrinityCore, Action
  File "<frozen importl
ib._bootstrap>", line 
1360, in _find_and_load
  File "<frozen importl
ib._bootstrap>", line 
1331, in 
_find_and_load_unlocked
  File "<frozen importl
ib._bootstrap>", line 
935, in _load_unlocked
  File "<frozen importl
ib._bootstrap_external>
", line 1023, in 
exec_module
  File "<frozen importl
ib._bootstrap>", line 
488, in _call_with_fram
es_removed
  File "D:\DubaiMatrixA
SI\core\decision\trinit
y_core.py", line 17, 
in <module>
    from core.conscious
ness.quantum_thought 
import QuantumState
  File "<frozen importl
ib._bootstrap>", line 
1360, in _find_and_load
  File "<frozen importl
ib._bootstrap>", line 
1331, in 
_find_and_load_unlocked
  File "<frozen importl
ib._bootstrap>", line 
935, in _load_unlocked
  File "<frozen importl
ib._bootstrap_external>
", line 1023, in 
exec_module
  File "<frozen importl
ib._bootstrap>", line 
488, in _call_with_fram
es_removed
  File "D:\DubaiMatrixA
SI\core\consciousness\q
uantum_thought.py", 
line 16, in <module>
    from core.conscious
ness.neural_swarm 
import AgentSignal
  File "<frozen importl
ib._bootstrap>", line 
1360, in _find_and_load
  File "<frozen importl
ib._bootstrap>", line 
1331, in 
_find_and_load_unlocked
  File "<frozen importl
ib._bootstrap>", line 
935, in _load_unlocked
  File "<frozen importl
ib._bootstrap_external>
", line 1023, in 
exec_module
  File "<frozen importl
ib._bootstrap>", line 
488, in _call_with_fram
es_removed
  File "D:\DubaiMatrixA
SI\core\consciousness\n
eural_swarm.py", line 
138, in <module>
    from core.conscious
ness.agents.holographic
_memory_agent import 
HolographicMemoryAgent
  File "<frozen importl
ib._bootstrap>", line 
1360, in _find_and_load
  File "<frozen importl
ib._bootstrap>", line 
1331, in 
_find_and_load_unlocked
  File "<frozen importl
ib._bootstrap>", line 
935, in _load_unlocked
  File "<frozen importl
ib._bootstrap_external>
", line 1023, in 
exec_module
  File "<frozen importl
ib._bootstrap>", line 
488, in _call_with_fram
es_removed
  File "D:\DubaiMatrixA
SI\core\consciousness\a
gents\holographic_memor
y_agent.py", line 11, 
in <module>
    from execution.trad
e_registry import 
registry as 
trade_registry
  File "<frozen importl
ib._bootstrap>", line 
1360, in _find_and_load
  File "<frozen importl
ib._bootstrap>", line 
1331, in 
_find_and_load_unlocked
  File "<frozen importl
ib._bootstrap>", line 
935, in _load_unlocked
  File "<frozen importl
ib._bootstrap_external>
", line 1023, in 
exec_module
  File "<frozen importl
ib._bootstrap>", line 
488, in _call_with_fram
es_removed
  File "D:\DubaiMatrixA
SI\execution\trade_regi
stry.py", line 135, in 
<module>
    registry = 
TradeRegistry()
  File "D:\DubaiMatrixA
SI\execution\trade_regi
stry.py", line 43, in 
__init__
    self._load()
  File "D:\DubaiMatrixA
SI\execution\trade_regi
stry.py", line 52, in 
_load
    
log.info(f"\U0001f4c2 
Trade Registry 
carregado: 
{len(self.intents)} 
intenþ§es mapeadas.")
  File "D:\DubaiMatrixA
SI\utils\logger.py", 
line 139, in info
    
self.logger.info(msg, 
*args, **kwargs)
Message: '\U0001f4c2 
Trade Registry 
carregado: 54 
intenþ§es mapeadas.'
Arguments: ()
--- Logging error ---
Traceback (most recent 
call last):
  File "C:\Users\pichau
\AppData\Local\Programs
\Python\Python313\Lib\l
ogging\__init__.py", 
line 1154, in emit
    stream.write(msg + 
self.terminator)
    ~~~~~~~~~~~~^^^^^^^
^^^^^^^^^^^^^^^^
  File "C:\Users\pichau
\AppData\Local\Programs
\Python\Python313\Lib\e
ncodings\cp1252.py", 
line 19, in encode
    return codecs.charm
ap_encode(input,self.er
rors,encoding_table)[0]
           ~~~~~~~~~~~~
~~~~~~~~~^^^^^^^^^^^^^^
^^^^^^^^^^^^^^^^^^^^
UnicodeEncodeError: 
'charmap' codec can't 
encode character 
'\u2502' in position 
65: character maps to 
<undefined>
Call stack:
  File "d:\DubaiMatrixA
SI\tests\verify_top_fad
ing.py", line 142, in 
<module>
    unittest.main()
  File "C:\Users\pichau
\AppData\Local\Programs
\Python\Python313\Lib\u
nittest\main.py", line 
104, in __init__
    self.runTests()
  File "C:\Users\pichau
\AppData\Local\Programs
\Python\Python313\Lib\u
nittest\main.py", line 
270, in runTests
    self.result = testR
unner.run(self.test)
  File "C:\Users\pichau
\AppData\Local\Programs
\Python\Python313\Lib\u
nittest\runner.py", 
line 240, in run
    test(result)
  File "C:\Users\pichau
\AppData\Local\Programs
\Python\Python313\Lib\u
nittest\suite.py", 
line 84, in __call__
    return 
self.run(*args, **kwds)
  File "C:\Users\pichau
\AppData\Local\Programs
\Python\Python313\Lib\u
nittest\suite.py", 
line 122, in run
    test(result)
  File "C:\Users\pichau
\AppData\Local\Programs
\Python\Python313\Lib\u
nittest\suite.py", 
line 84, in __call__
    return 
self.run(*args, **kwds)
  File "C:\Users\pichau
\AppData\Local\Programs
\Python\Python313\Lib\u
nittest\suite.py", 
line 122, in run
    test(result)
  File "C:\Users\pichau
\AppData\Local\Programs
\Python\Python313\Lib\u
nittest\case.py", line 
707, in __call__
    return 
self.run(*args, **kwds)
  File "C:\Users\pichau
\AppData\Local\Programs
\Python\Python313\Lib\u
nittest\case.py", line 
647, in run
    self._callSetUp()
  File "C:\Users\pichau
\AppData\Local\Programs
\Python\Python313\Lib\u
nittest\case.py", line 
603, in _callSetUp
    self.setUp()
  File "d:\DubaiMatrixA
SI\tests\verify_top_fad
ing.py", line 18, in 
setUp
    self.trinity = 
TrinityCore()
  File "D:\DubaiMatrixA
SI\core\decision\trinit
y_core.py", line 79, 
in __init__
    log.omega("\U0001f6
e1\ufe0f TrinityCore 
Integrated Information 
(\u03a6) GATE: 
ENABLED")
  File "D:\DubaiMatrixA
SI\utils\logger.py", 
line 170, in omega
    self.logger.log(OME
GA_LEVEL, f"\u26a1 
{msg}", *args, 
**kwargs)
Message: '\u26a1 
\U0001f6e1\ufe0f 
TrinityCore Integrated 
Information (\u03a6) 
GATE: ENABLED'
Arguments: ()
--- Logging error ---
Traceback (most recent 
call last):
  File "C:\Users\pichau
\AppData\Local\Programs
\Python\Python313\Lib\l
ogging\__init__.py", 
line 1154, in emit
    stream.write(msg + 
self.terminator)
    ~~~~~~~~~~~~^^^^^^^
^^^^^^^^^^^^^^^^
  File "C:\Users\pichau
\AppData\Local\Programs
\Python\Python313\Lib\e
ncodings\cp1252.py", 
line 19, in encode
    return codecs.charm
ap_encode(input,self.er
rors,encoding_table)[0]
           ~~~~~~~~~~~~
~~~~~~~~~^^^^^^^^^^^^^^
^^^^^^^^^^^^^^^^^^^^
UnicodeEncodeError: 
'charmap' codec can't 
encode character 
'\u2502' in position 
65: character maps to 
<undefined>
Call stack:
  File "d:\DubaiMatrixA
SI\tests\verify_top_fad
ing.py", line 142, in 
<module>
    unittest.main()
  File "C:\Users\pichau
\AppData\Local\Programs
\Python\Python313\Lib\u
nittest\main.py", line 
104, in __init__
    self.runTests()
  File "C:\Users\pichau
\AppData\Local\Programs
\Python\Python313\Lib\u
nittest\main.py", line 
270, in runTests
    self.result = testR
unner.run(self.test)
  File "C:\Users\pichau
\AppData\Local\Programs
\Python\Python313\Lib\u
nittest\runner.py", 
line 240, in run
    test(result)
  File "C:\Users\pichau
\AppData\Local\Programs
\Python\Python313\Lib\u
nittest\suite.py", 
line 84, in __call__
    return 
self.run(*args, **kwds)
  File "C:\Users\pichau
\AppData\Local\Programs
\Python\Python313\Lib\u
nittest\suite.py", 
line 122, in run
    test(result)
  File "C:\Users\pichau
\AppData\Local\Programs
\Python\Python313\Lib\u
nittest\suite.py", 
line 84, in __call__
    return 
self.run(*args, **kwds)
  File "C:\Users\pichau
\AppData\Local\Programs
\Python\Python313\Lib\u
nittest\suite.py", 
line 122, in run
    test(result)
  File "C:\Users\pichau
\AppData\Local\Programs
\Python\Python313\Lib\u
nittest\case.py", line 
707, in __call__
    return 
self.run(*args, **kwds)
  File "C:\Users\pichau
\AppData\Local\Programs
\Python\Python313\Lib\u
nittest\case.py", line 
651, in run
    self._callTestMetho
d(testMethod)
  File "C:\Users\pichau
\AppData\Local\Programs
\Python\Python313\Lib\u
nittest\case.py", line 
606, in _callTestMethod
    if method() is not 
None:
  File "d:\DubaiMatrixA
SI\tests\verify_top_fad
ing.py", line 88, in te
st_exhaustion_sovereign
ty_bypass
    decision = self.tri
nity.decide(quantum_sta
te, regime_state, 
snapshot, asi_state)
  File "D:\DubaiMatrixA
SI\utils\decorators.py"
, line 240, in wrapper
    return func(*args, 
**kwargs)
  File "D:\DubaiMatrixA
SI\utils\decorators.py"
, line 210, in wrapper
    return func(*args, 
**kwargs)
  File "D:\DubaiMatrixA
SI\core\decision\trinit
y_core.py", line 353, 
in decide
    log.omega(f"\u26a1 
[EXHAUSTION] 
Sovereignty ACTIVE 
(Entropy: 
{entropy:.2f}). 
Thresholds relaxed to 
0.35 for fading.")
  File "D:\DubaiMatrixA
SI\utils\logger.py", 
line 170, in omega
    self.logger.log(OME
GA_LEVEL, f"\u26a1 
{msg}", *args, 
**kwargs)
Message: '\u26a1 
\u26a1 [EXHAUSTION] 
Sovereignty ACTIVE 
(Entropy: 0.85). 
Thresholds relaxed to 
0.35 for fading.'
Arguments: ()
--- Logging error ---
Traceback (most recent 
call last):
  File "C:\Users\pichau
\AppData\Local\Programs
\Python\Python313\Lib\l
ogging\__init__.py", 
line 1154, in emit
    stream.write(msg + 
self.terminator)
    ~~~~~~~~~~~~^^^^^^^
^^^^^^^^^^^^^^^^
  File "C:\Users\pichau
\AppData\Local\Programs
\Python\Python313\Lib\e
ncodings\cp1252.py", 
line 19, in encode
    return codecs.charm
ap_encode(input,self.er
rors,encoding_table)[0]
           ~~~~~~~~~~~~
~~~~~~~~~^^^^^^^^^^^^^^
^^^^^^^^^^^^^^^^^^^^
UnicodeEncodeError: 
'charmap' codec can't 
encode character 
'\u2502' in position 
65: character maps to 
<undefined>
Call stack:
  File "d:\DubaiMatrixA
SI\tests\verify_top_fad
ing.py", line 142, in 
<module>
    unittest.main()
  File "C:\Users\pichau
\AppData\Local\Programs
\Python\Python313\Lib\u
nittest\main.py", line 
104, in __init__
    self.runTests()
  File "C:\Users\pichau
\AppData\Local\Programs
\Python\Python313\Lib\u
nittest\main.py", line 
270, in runTests
    self.result = testR
unner.run(self.test)
  File "C:\Users\pichau
\AppData\Local\Programs
\Python\Python313\Lib\u
nittest\runner.py", 
line 240, in run
    test(result)
  File "C:\Users\pichau
\AppData\Local\Programs
\Python\Python313\Lib\u
nittest\suite.py", 
line 84, in __call__
    return 
self.run(*args, **kwds)
  File "C:\Users\pichau
\AppData\Local\Programs
\Python\Python313\Lib\u
nittest\suite.py", 
line 122, in run
    test(result)
  File "C:\Users\pichau
\AppData\Local\Programs
\Python\Python313\Lib\u
nittest\suite.py", 
line 84, in __call__
    return 
self.run(*args, **kwds)
  File "C:\Users\pichau
\AppData\Local\Programs
\Python\Python313\Lib\u
nittest\suite.py", 
line 122, in run
    test(result)
  File "C:\Users\pichau
\AppData\Local\Programs
\Python\Python313\Lib\u
nittest\case.py", line 
707, in __call__
    return 
self.run(*args, **kwds)
  File "C:\Users\pichau
\AppData\Local\Programs
\Python\Python313\Lib\u
nittest\case.py", line 
651, in run
    self._callTestMetho
d(testMethod)
  File "C:\Users\pichau
\AppData\Local\Programs
\Python\Python313\Lib\u
nittest\case.py", line 
606, in _callTestMethod
    if method() is not 
None:
  File "d:\DubaiMatrixA
SI\tests\verify_top_fad
ing.py", line 88, in te
st_exhaustion_sovereign
ty_bypass
    decision = self.tri
nity.decide(quantum_sta
te, regime_state, 
snapshot, asi_state)
  File "D:\DubaiMatrixA
SI\utils\decorators.py"
, line 240, in wrapper
    return func(*args, 
**kwargs)
  File "D:\DubaiMatrixA
SI\utils\decorators.py"
, line 210, in wrapper
    return func(*args, 
**kwargs)
  File "D:\DubaiMatrixA
SI\core\decision\trinit
y_core.py", line 373, 
in decide
    self._log_cooldown(
"EXHAUSTION_SOVEREIGNTY
", f"\u26a1 
[EXHAUSTION 
SOVEREIGNTY] 
Bifurcation detected (E
ntropy={entropy:.2f}). 
Relaxing counter-trend 
gates.", 60)
  File "D:\DubaiMatrixA
SI\core\decision\trinit
y_core.py", line 1235, 
in _log_cooldown
    log.info(message)
  File "D:\DubaiMatrixA
SI\utils\logger.py", 
line 139, in info
    
self.logger.info(msg, 
*args, **kwargs)
Message: '\u26a1 
[EXHAUSTION 
SOVEREIGNTY] 
Bifurcation detected 
(Entropy=0.85). 
Relaxing counter-trend 
gates.'
Arguments: ()
E--- Logging error ---
Traceback (most recent 
call last):
  File "C:\Users\pichau
\AppData\Local\Programs
\Python\Python313\Lib\l
ogging\__init__.py", 
line 1154, in emit
    stream.write(msg + 
self.terminator)
    ~~~~~~~~~~~~^^^^^^^
^^^^^^^^^^^^^^^^
  File "C:\Users\pichau
\AppData\Local\Programs
\Python\Python313\Lib\e
ncodings\cp1252.py", 
line 19, in encode
    return codecs.charm
ap_encode(input,self.er
rors,encoding_table)[0]
           ~~~~~~~~~~~~
~~~~~~~~~^^^^^^^^^^^^^^
^^^^^^^^^^^^^^^^^^^^
UnicodeEncodeError: 
'charmap' codec can't 
encode character 
'\u2502' in position 
65: character maps to 
<undefined>
Call stack:
  File "d:\DubaiMatrixA
SI\tests\verify_top_fad
ing.py", line 142, in 
<module>
    unittest.main()
  File "C:\Users\pichau
\AppData\Local\Programs
\Python\Python313\Lib\u
nittest\main.py", line 
104, in __init__
    self.runTests()
  File "C:\Users\pichau
\AppData\Local\Programs
\Python\Python313\Lib\u
nittest\main.py", line 
270, in runTests
    self.result = testR
unner.run(self.test)
  File "C:\Users\pichau
\AppData\Local\Programs
\Python\Python313\Lib\u
nittest\runner.py", 
line 240, in run
    test(result)
  File "C:\Users\pichau
\AppData\Local\Programs
\Python\Python313\Lib\u
nittest\suite.py", 
line 84, in __call__
    return 
self.run(*args, **kwds)
  File "C:\Users\pichau
\AppData\Local\Programs
\Python\Python313\Lib\u
nittest\suite.py", 
line 122, in run
    test(result)
  File "C:\Users\pichau
\AppData\Local\Programs
\Python\Python313\Lib\u
nittest\suite.py", 
line 84, in __call__
    return 
self.run(*args, **kwds)
  File "C:\Users\pichau
\AppData\Local\Programs
\Python\Python313\Lib\u
nittest\suite.py", 
line 122, in run
    test(result)
  File "C:\Users\pichau
\AppData\Local\Programs
\Python\Python313\Lib\u
nittest\case.py", line 
707, in __call__
    return 
self.run(*args, **kwds)
  File "C:\Users\pichau
\AppData\Local\Programs
\Python\Python313\Lib\u
nittest\case.py", line 
647, in run
    self._callSetUp()
  File "C:\Users\pichau
\AppData\Local\Programs
\Python\Python313\Lib\u
nittest\case.py", line 
603, in _callSetUp
    self.setUp()
  File "d:\DubaiMatrixA
SI\tests\verify_top_fad
ing.py", line 18, in 
setUp
    self.trinity = 
TrinityCore()
  File "D:\DubaiMatrixA
SI\core\decision\trinit
y_core.py", line 79, 
in __init__
    log.omega("\U0001f6
e1\ufe0f TrinityCore 
Integrated Information 
(\u03a6) GATE: 
ENABLED")
  File "D:\DubaiMatrixA
SI\utils\logger.py", 
line 170, in omega
    self.logger.log(OME
GA_LEVEL, f"\u26a1 
{msg}", *args, 
**kwargs)
Message: '\u26a1 
\U0001f6e1\ufe0f 
TrinityCore Integrated 
Information (\u03a6) 
GATE: ENABLED'
Arguments: ()
--- Logging error ---
Traceback (most recent 
call last):
  File "C:\Users\pichau
\AppData\Local\Programs
\Python\Python313\Lib\l
ogging\__init__.py", 
line 1154, in emit
    stream.write(msg + 
self.terminator)
    ~~~~~~~~~~~~^^^^^^^
^^^^^^^^^^^^^^^^
  File "C:\Users\pichau
\AppData\Local\Programs
\Python\Python313\Lib\e
ncodings\cp1252.py", 
line 19, in encode
    return codecs.charm
ap_encode(input,self.er
rors,encoding_table)[0]
           ~~~~~~~~~~~~
~~~~~~~~~^^^^^^^^^^^^^^
^^^^^^^^^^^^^^^^^^^^
UnicodeEncodeError: 
'charmap' codec can't 
encode character 
'\u2502' in position 
65: character maps to 
<undefined>
Call stack:
  File "d:\DubaiMatrixA
SI\tests\verify_top_fad
ing.py", line 142, in 
<module>
    unittest.main()
  File "C:\Users\pichau
\AppData\Local\Programs
\Python\Python313\Lib\u
nittest\main.py", line 
104, in __init__
    self.runTests()
  File "C:\Users\pichau
\AppData\Local\Programs
\Python\Python313\Lib\u
nittest\main.py", line 
270, in runTests
    self.result = testR
unner.run(self.test)
  File "C:\Users\pichau
\AppData\Local\Programs
\Python\Python313\Lib\u
nittest\runner.py", 
line 240, in run
    test(result)
  File "C:\Users\pichau
\AppData\Local\Programs
\Python\Python313\Lib\u
nittest\suite.py", 
line 84, in __call__
    return 
self.run(*args, **kwds)
  File "C:\Users\pichau
\AppData\Local\Programs
\Python\Python313\Lib\u
nittest\suite.py", 
line 122, in run
    test(result)
  File "C:\Users\pichau
\AppData\Local\Programs
\Python\Python313\Lib\u
nittest\suite.py", 
line 84, in __call__
    return 
self.run(*args, **kwds)
  File "C:\Users\pichau
\AppData\Local\Programs
\Python\Python313\Lib\u
nittest\suite.py", 
line 122, in run
    test(result)
  File "C:\Users\pichau
\AppData\Local\Programs
\Python\Python313\Lib\u
nittest\case.py", line 
707, in __call__
    return 
self.run(*args, **kwds)
  File "C:\Users\pichau
\AppData\Local\Programs
\Python\Python313\Lib\u
nittest\case.py", line 
651, in run
    self._callTestMetho
d(testMethod)
  File "C:\Users\pichau
\AppData\Local\Programs
\Python\Python313\Lib\u
nittest\case.py", line 
606, in _callTestMethod
    if method() is not 
None:
  File "d:\DubaiMatrixA
SI\tests\verify_top_fad
ing.py", line 132, in t
est_veto_without_exhaus
tion
    decision = self.tri
nity.decide(quantum_sta
te, regime_state, 
snapshot, MagicMock())
  File "D:\DubaiMatrixA
SI\utils\decorators.py"
, line 240, in wrapper
    return func(*args, 
**kwargs)
  File "D:\DubaiMatrixA
SI\utils\decorators.py"
, line 210, in wrapper
    return func(*args, 
**kwargs)
  File "D:\DubaiMatrixA
SI\core\decision\trinit
y_core.py", line 360, 
in decide
    self._log_cooldown(
"TREND_PENALTY", 
f"\u26a0\ufe0f [TREND 
ALIGNMENT] 
Counter-Trend detected 
({action.name} vs {regi
me_state.current.value}
). Applying heavy 
suppression.", 60)
  File "D:\DubaiMatrixA
SI\core\decision\trinit
y_core.py", line 1235, 
in _log_cooldown
    log.info(message)
  File "D:\DubaiMatrixA
SI\utils\logger.py", 
line 139, in info
    
self.logger.info(msg, 
*args, **kwargs)
Message: '\u26a0\ufe0f 
[TREND ALIGNMENT] 
Counter-Trend detected 
(WAIT vs 
CREEPING_BULL). 
Applying heavy 
suppression.'
Arguments: ()
E
=======================
=======================
=======================
=
ERROR: test_exhaustion_
sovereignty_bypass (__m
ain__.TestTopFading.tes
t_exhaustion_sovereignt
y_bypass)
Verifica se o portÒo 
counter-trend relaxa 
com Soberania de 
ExaustÒo.
-----------------------
-----------------------
-----------------------
-
Traceback (most recent 
call last):
  File "d:\DubaiMatrixA
SI\tests\verify_top_fad
ing.py", line 92, in te
st_exhaustion_sovereign
ty_bypass
    
print(f"[DIAGNOSTIC] 
WAIT Reason: 
{decision.reasoning}")
    ~~~~~^^^^^^^^^^^^^^
^^^^^^^^^^^^^^^^^^^^^^^
^^^^^^^^^^^^^^
  File "C:\Users\pichau
\AppData\Local\Programs
\Python\Python313\Lib\e
ncodings\cp1252.py", 
line 19, in encode
    return codecs.charm
ap_encode(input,self.er
rors,encoding_table)[0]
           ~~~~~~~~~~~~
~~~~~~~~~^^^^^^^^^^^^^^
^^^^^^^^^^^^^^^^^^^^
UnicodeEncodeError: 
'charmap' codec can't 
encode character 
'\u03a6' in position 
47: character maps to 
<undefined>

=======================
=======================
=======================
=
ERROR: test_veto_withou
t_exhaustion (__main__.
TestTopFading.test_veto
_without_exhaustion)
Verifica se o veto 
continua ativo se nÒo 
houver exaustÒo clara.
-----------------------
-----------------------
-----------------------
-
Traceback (most recent 
call last):
  File "d:\DubaiMatrixA
SI\tests\verify_top_fad
ing.py", line 135, in t
est_veto_without_exhaus
tion
    
print(f"[DIAGNOSTIC] 
Reason: 
{decision.reasoning}")
    ~~~~~^^^^^^^^^^^^^^
^^^^^^^^^^^^^^^^^^^^^^^
^^^^^^^^^
  File "C:\Users\pichau
\AppData\Local\Programs
\Python\Python313\Lib\e
ncodings\cp1252.py", 
line 19, in encode
    return codecs.charm
ap_encode(input,self.er
rors,encoding_table)[0]
           ~~~~~~~~~~~~
~~~~~~~~~^^^^^^^^^^^^^^
^^^^^^^^^^^^^^^^^^^^
UnicodeEncodeError: 
'charmap' codec can't 
encode character 
'\u03a6' in position 
59: character maps to 
<undefined>

-----------------------
-----------------------
-----------------------
-
Ran 2 tests in 0.122s

FAILED (errors=2)

[TEST_RESULT: EXHAUSTION] Action: Action.WAIT

[TEST_RESULT: NO_EXHAUSTION] Action: Action.WAIT
